<!DOCTYPE HTML>
<html>
<head>
<title>/deep/nested/folder</title>
<link href="../../../index.css" type="text/css" rel="stylesheet">
<link href="https://fonts.googleapis.com/css2?family=Fira+Code:wght@400;500;600;700&amp;family=Lato:ital,wght@0,400;0,700;1,400&amp;display=swap" type="text/css" rel="stylesheet">
<script src="../../../index.js" type="text/javascript">
</script>
<meta charset="UTF-8">
</head>
<body>
<div class="nav-bar">
<img src="../../../dhall-icon.svg" class="dhall-icon">
<p class="package-title">test-package</p>
<div class="nav-bar-content-divider">
</div>
<a id="switch-light-dark-mode" class="nav-option">Switch Light/Dark Mode</a>
</div>
<div class="main-container">
<h2 class="doc-title">
<span class="crumb-divider">/</span>
<a href="../../../index.html">test-package</a>
<span class="crumb-divider">/</span>
<a href="../../index.html" class="title-crumb">deep</a>
<span class="crumb-divider">/</span>
<a href="../index.html" class="title-crumb">nested</a>
<span class="crumb-divider">/</span>
<span href="index.html" class="title-crumb">folder</span>
</h2>
<a data-path="/deep/nested/folder" class="copy-to-clipboard">
<i>
<small>Copy path to clipboard</small>
</i>
</a>
<br>
<h3>Exported files: </h3>
<ul>
<li>
<a href="my-even.dhall.html">my-even.dhall</a>
<span class="of-type-token">:</span>
<span class="dhall-type source-code">
<pre>Natural â†’ &lt; even | odd &gt;<br>
</pre>
</span>
</li>
</ul>
</div>
</body>
</html>