<!DOCTYPE HTML>
<html>
<head>
<title>/deep/nested</title>
<link href="../../index.css" rel="stylesheet" type="text/css">
<link href="https://fonts.googleapis.com/css2?family=Fira+Code:wght@400;500;600;700&amp;family=Lato:ital,wght@0,400;0,700;1,400&amp;display=swap" rel="stylesheet" type="text/css">
<script src="../../index.js" type="text/javascript">
</script>
<meta charset="UTF-8">
</head>
<body>
<div class="nav-bar">
<img class="dhall-icon" src="../../dhall-icon.svg">
<p class="package-title">test-package</p>
<div class="nav-bar-content-divider">
</div>
<a class="nav-option" id="switch-light-dark-mode">Switch Light/Dark Mode</a>
</div>
<div class="main-container">
<h2 class="doc-title">
<span class="crumb-divider">/</span>
<a href="../../index.html">test-package</a>
<span class="crumb-divider">/</span>
<a class="title-crumb" href="../index.html">deep</a>
<span class="crumb-divider">/</span>
<span class="title-crumb" href="index.html">nested</span>
</h2>
<a class="copy-to-clipboard" data-path="/deep/nested">
<i>
<small>Copy path to clipboard</small>
</i>
</a>
<br>
<h3>Exported packages: </h3>
<ul>
<li>
<a href="folder/index.html">folder/</a>
</li>
</ul>
</div>
</body>
</html>