<!DOCTYPE HTML>
<html>
<head>
<title>/JumpToRecordFieldWhenVarIsOfRecordTypeComplex.dhall</title>
<link href="index.css" type="text/css" rel="stylesheet">
<link href="https://fonts.googleapis.com/css2?family=Fira+Code:wght@400;500;600;700&amp;family=Lato:ital,wght@0,400;0,700;1,400&amp;display=swap" type="text/css" rel="stylesheet">
<script src="index.js" type="text/javascript">
</script>
<meta charset="UTF-8">
</head>
<body>
<div class="nav-bar">
<img src="dhall-icon.svg" class="dhall-icon">
<p class="package-title">test-package</p>
<div class="nav-bar-content-divider">
</div>
<a id="switch-light-dark-mode" class="nav-option">Switch Light/Dark Mode</a>
</div>
<div class="main-container">
<h2 class="doc-title">
<span class="crumb-divider">/</span>
<a href="index.html">test-package</a>
<span class="crumb-divider">/</span>
<span href="index.html" class="title-crumb">JumpToRecordFieldWhenVarIsOfRecordTypeComplex.dhall</span>
</h2>
<a data-path="/JumpToRecordFieldWhenVarIsOfRecordTypeComplex.dhall" class="copy-to-clipboard">
<i>
<small>Copy path to clipboard</small>
</i>
</a>
<br>
<div class="doc-contents">
<p>A complex example of the jump-to-definition feature on record literals.</p>
</div>
<h3>Source</h3>
<div class="source-code">
<pre>{-|<br>A complex example of the jump-to-definition feature on record literals.<br>-}<br>let <span data-name="var4-5" id="var4-5" class="name-decl">a</span> =<br>    { <span data-name="var5-7" id="var5-7" class="name-decl">foo</span> = &quot;bar&quot;, <span data-name="var5-20" id="var5-20" class="name-decl">number</span> = +1 }<br>
<br>let <span data-name="var7-5" id="var7-5" class="name-decl">b</span> =<br>    { <span data-name="var8-7" id="var8-7" class="name-decl">foo</span> = &quot;bar&quot;, <span data-name="var8-20" id="var8-20" class="name-decl">number</span> = +1 }<br>
<br>in <a href="#var4-5" data-name="var4-5" class="name-use">a</a>.<a href="#var5-7" data-name="var5-7" class="name-use">foo</a> ++ Integer/show <a href="#var4-5" data-name="var4-5" class="name-use">a</a>.<a href="#var5-20" data-name="var5-20" class="name-use">number</a> ++ <a href="#var7-5" data-name="var7-5" class="name-use">b</a>.<a href="#var8-7" data-name="var8-7" class="name-use">foo</a> ++ Integer/show <a href="#var7-5" data-name="var7-5" class="name-use">b</a>.<a href="#var8-20" data-name="var8-20" class="name-use">number</a>
<br>
</pre>
</div>
</div>
</body>
</html>