<!DOCTYPE HTML>
<html>
<head>
<title>/JumpToLetbindingComplex.dhall</title>
<link href="index.css" type="text/css" rel="stylesheet">
<link href="https://fonts.googleapis.com/css2?family=Fira+Code:wght@400;500;600;700&amp;family=Lato:ital,wght@0,400;0,700;1,400&amp;display=swap" type="text/css" rel="stylesheet">
<script src="index.js" type="text/javascript">
</script>
<meta charset="UTF-8">
</head>
<body>
<div class="nav-bar">
<img src="dhall-icon.svg" class="dhall-icon">
<p class="package-title">test-package</p>
<div class="nav-bar-content-divider">
</div>
<a id="switch-light-dark-mode" class="nav-option">Switch Light/Dark Mode</a>
</div>
<div class="main-container">
<h2 class="doc-title">
<span class="crumb-divider">/</span>
<a href="index.html">test-package</a>
<span class="crumb-divider">/</span>
<span href="index.html" class="title-crumb">JumpToLetbindingComplex.dhall</span>
</h2>
<a data-path="/JumpToLetbindingComplex.dhall" class="copy-to-clipboard">
<i>
<small>Copy path to clipboard</small>
</i>
</a>
<br>
<div class="doc-contents">
<p>A complex example of jump-to-definition on let-bindings</p>
</div>
<h3>Source</h3>
<div class="source-code">
<pre>{-|<br>A complex example of jump-to-definition on let-bindings<br>-}<br>let <span data-name="var4-5" id="var4-5" class="name-decl">f</span> = \(<span data-name="var4-11" id="var4-11" class="name-decl">f</span> : Natural) -&gt;<br>    let <span data-name="var5-9" id="var5-9" class="name-decl">a</span> = 1 in <a href="#var4-11" data-name="var4-11" class="name-use">f</a> + <a href="#var5-9" data-name="var5-9" class="name-use">a</a>
<br>
<br>let <span data-name="var7-5" id="var7-5" class="name-decl">a</span> = <a href="#var4-5" data-name="var4-5" class="name-use">f</a> 1<br>
<br>let <span data-name="var9-5" id="var9-5" class="name-decl">b</span> = <a href="#var7-5" data-name="var7-5" class="name-use">a</a> + <a href="#var4-5" data-name="var4-5" class="name-use">f</a> 3<br>
<br>in <a href="#var9-5" data-name="var9-5" class="name-use">b</a>
<br>
</pre>
</div>
</div>
</body>
</html>