<!DOCTYPE HTML>
<html>
<head>
<title>/JumpToSelf.dhall</title>
<link href="index.css" type="text/css" rel="stylesheet">
<link href="https://fonts.googleapis.com/css2?family=Fira+Code:wght@400;500;600;700&amp;family=Lato:ital,wght@0,400;0,700;1,400&amp;display=swap" type="text/css" rel="stylesheet">
<script src="index.js" type="text/javascript">
</script>
<meta charset="UTF-8">
</head>
<body>
<div class="nav-bar">
<img src="dhall-icon.svg" class="dhall-icon">
<p class="package-title">test-package</p>
<div class="nav-bar-content-divider">
</div>
<a id="switch-light-dark-mode" class="nav-option">Switch Light/Dark Mode</a>
</div>
<div class="main-container">
<h2 class="doc-title">
<span class="crumb-divider">/</span>
<a href="index.html">test-package</a>
<span class="crumb-divider">/</span>
<span href="index.html" class="title-crumb">JumpToSelf.dhall</span>
</h2>
<a data-path="/JumpToSelf.dhall" class="copy-to-clipboard">
<i>
<small>Copy path to clipboard</small>
</i>
</a>
<br>
<div class="doc-contents">
<p>Althtough Dhall forbids cyclic imports, <code>dhall-docs</code> can handle them properly</p>
</div>
<h3>Source</h3>
<div class="source-code">
<pre>{-|<br>Althtough Dhall forbids cyclic imports, `dhall-docs` can handle them properly<br>-}<br>let <span data-name="var4-5" id="var4-5" class="name-decl">selfs</span> =<br>    [ <a href="./JumpToSelf.dhall.html">./JumpToSelf.dhall</a>
<br>    , <a href="../package/JumpToSelf.dhall.html">../package/JumpToSelf.dhall</a> ]<br>in <a href="#var4-5" data-name="var4-5" class="name-use">selfs</a>
<br>
</pre>
</div>
</div>
</body>
</html>