<!DOCTYPE HTML>
<html>
<head>
<title>/JumpToHereImports.dhall</title>
<link href="index.css" type="text/css" rel="stylesheet">
<link href="https://fonts.googleapis.com/css2?family=Fira+Code:wght@400;500;600;700&amp;family=Lato:ital,wght@0,400;0,700;1,400&amp;display=swap" type="text/css" rel="stylesheet">
<script src="index.js" type="text/javascript">
</script>
<meta charset="UTF-8">
</head>
<body>
<div class="nav-bar">
<img src="dhall-icon.svg" class="dhall-icon">
<p class="package-title">test-package</p>
<div class="nav-bar-content-divider">
</div>
<a id="switch-light-dark-mode" class="nav-option">Switch Light/Dark Mode</a>
</div>
<div class="main-container">
<h2 class="doc-title">
<span class="crumb-divider">/</span>
<a href="index.html">test-package</a>
<span class="crumb-divider">/</span>
<span href="index.html" class="title-crumb">JumpToHereImports.dhall</span>
</h2>
<a data-path="/JumpToHereImports.dhall" class="copy-to-clipboard">
<i>
<small>Copy path to clipboard</small>
</i>
</a>
<br>
<div class="doc-contents">
</div>
<h3>Source</h3>
<div class="source-code">
<pre>let <span data-name="var1-5" id="var1-5" class="name-decl">relatives</span> =<br>    [ <a href="./IndexesExample.dhall.html">./IndexesExample.dhall</a>
<br>    , <a href="./MarkdownExample.dhall.html">./MarkdownExample.dhall</a>
<br>    , <a href="./NoDoc.dhall.html">./NoDoc.dhall</a>
<br>    ]<br>
<br>let <span data-name="var7-5" id="var7-5" class="name-decl">moreRelatives</span> =<br>    [ <a href="./OrdinaryAnnotation.dhall.html">./OrdinaryAnnotation.dhall</a> ,    <a href="./TwoAnnotations.dhall.html">./TwoAnnotations.dhall</a> ]<br>
<br>in <a href="#var1-5" data-name="var1-5" class="name-use">relatives</a> # <a href="#var7-5" data-name="var7-5" class="name-use">moreRelatives</a>
<br>
</pre>
</div>
</div>
</body>
</html>