<!DOCTYPE HTML>
<html>
<head>
<title>/JumpToUrls.dhall</title>
<link rel="stylesheet" type="text/css" href="index.css">
<link rel="stylesheet" type="text/css" href="https://fonts.googleapis.com/css2?family=Fira+Code:wght@400;500;600;700&amp;family=Lato:ital,wght@0,400;0,700;1,400&amp;display=swap">
<script src="index.js">
</script>
<meta charset="UTF-8">
</head>
<body>
<div class="nav-bar">
<img class="dhall-icon" alt="Dhall logo." src="dhall-icon.svg">
<p class="package-title">test-package</p>
<div class="nav-bar-content-divider">
</div>
<a id="switch-light-dark-mode" class="nav-option">Switch Light/Dark Mode</a>
</div>
<div class="main-container">
<h2 class="doc-title">
<span class="crumb-divider">/</span>
<a href="index.html">test-package</a>
<span class="crumb-divider">/</span>
<span class="title-crumb" href="index.html">JumpToUrls.dhall</span>
</h2>
<a class="copy-to-clipboard" data-path="/JumpToUrls.dhall">
<i>
<small>Copy path to clipboard</small>
</i>
</a>
<br>
<div class="doc-contents">
<p>Example taken from <a href="https://docs.dhall-lang.org/tutorials/Language-Tour.html#prelude">dhall documentation</a>
</p>
</div>
<h3>Source</h3>
<div class="source-code">
<pre>{-|<br>Example taken from [dhall documentation](https://docs.dhall-lang.org/tutorials/Language-Tour.html#prelude)<br>-}<br>
<br>
<br>let <span id="var6-5" class="name-decl" data-name="var6-5">List/generate</span> = <a href="https://prelude.dhall-lang.org/v15.0.0/List/generate" target="_blank">https://prelude.dhall-lang.org/v15.0.0/List/generate</a>
<br>
<br>in <a href="#var6-5" class="name-use" data-name="var6-5">List/generate</a> 10 Text (\(<span id="var8-29" class="name-decl" data-name="var8-29">n</span> : Natural) -&gt; &quot;Result #${Natural/show <a href="#var8-29" class="name-use" data-name="var8-29">n</a>}&quot;)<br>
<br>
</pre>
</div>
</div>
</body>
</html>