<!DOCTYPE HTML>
<html>
<head>
<title>/MultilineIndentationExample.dhall</title>
<link rel="stylesheet" type="text/css" href="index.css">
<link rel="stylesheet" type="text/css" href="https://fonts.googleapis.com/css2?family=Fira+Code:wght@400;500;600;700&amp;family=Lato:ital,wght@0,400;0,700;1,400&amp;display=swap">
<script src="index.js">
</script>
<meta charset="UTF-8">
</head>
<body>
<div class="nav-bar">
<img class="dhall-icon" alt="Dhall logo." src="dhall-icon.svg">
<p class="package-title">test-package</p>
<div class="nav-bar-content-divider">
</div>
<a id="switch-light-dark-mode" class="nav-option">Switch Light/Dark Mode</a>
</div>
<div class="main-container">
<h2 class="doc-title">
<span class="crumb-divider">/</span>
<a href="index.html">test-package</a>
<span class="crumb-divider">/</span>
<span class="title-crumb" href="index.html">MultilineIndentationExample.dhall</span>
</h2>
<a class="copy-to-clipboard" data-path="/MultilineIndentationExample.dhall">
<i>
<small>Copy path to clipboard</small>
</i>
</a>
<br>
<div class="doc-contents">
<p>Non indented text should remain as-is</p>
<pre>
<code>indented code block
</code>
</pre>
<ul>
<li>
item 1
<ul>
<li>
item 2
</li>
</ul>
</li>
</ul>
</div>
<h3>Source</h3>
<div class="source-code">
<pre>{-|<br>Non indented text should remain as-is<br>
<br>    indented code block<br>
<br>* item 1<br>    - item 2<br>-}<br>{=} : {}<br>
</pre>
</div>
</div>
</body>
</html>