<!DOCTYPE HTML>
<html>
<head>
<title>/Pair.dhall</title>
<link href="index.css" type="text/css" rel="stylesheet">
<link href="https://fonts.googleapis.com/css2?family=Fira+Code:wght@400;500;600;700&amp;family=Lato:ital,wght@0,400;0,700;1,400&amp;display=swap" type="text/css" rel="stylesheet">
<script src="index.js" type="text/javascript">
</script>
<meta charset="UTF-8">
</head>
<body>
<div class="nav-bar">
<img src="dhall-icon.svg" class="dhall-icon">
<p class="package-title">test-package</p>
<div class="nav-bar-content-divider">
</div>
<a id="switch-light-dark-mode" class="nav-option">Switch Light/Dark Mode</a>
</div>
<div class="main-container">
<h2 class="doc-title">
<span class="crumb-divider">/</span>
<a href="index.html">test-package</a>
<span class="crumb-divider">/</span>
<span href="index.html" class="title-crumb">Pair.dhall</span>
</h2>
<a data-path="/Pair.dhall" class="copy-to-clipboard">
<i>
<small>Copy path to clipboard</small>
</i>
</a>
<br>
<div class="doc-contents">
<p>Just a <em>Pair</em> right here</p>
</div>
<h3>Source</h3>
<div class="source-code">
<pre>
<br>{-|<br>Just a *Pair* right here<br>-}<br>
<br>let <span data-name="var6-5" id="var6-5" class="name-decl">Pair</span>
<br>  : forall(A: Type) -- | Type of first position<br>  -&gt; forall(B: Type) -- | Type of second position<br>  -&gt; Type<br>  = λ(<span data-name="var10-7" id="var10-7" class="name-decl">A</span>: Type) -&gt; λ(<span data-name="var10-21" id="var10-21" class="name-decl">B</span>: Type) -&gt; {first: <a href="#var10-7" data-name="var10-7" class="name-use">A</a>, second: <a href="#var10-21" data-name="var10-21" class="name-use">B</a>}<br>
<br>in <a href="#var6-5" data-name="var6-5" class="name-use">Pair</a>
<br>
</pre>
</div>
</div>
</body>
</html>