<!DOCTYPE HTML>
<html>
<head>
<title>/TwoAnnotations.dhall</title>
<link rel="stylesheet" type="text/css" href="index.css">
<link rel="stylesheet" type="text/css" href="https://fonts.googleapis.com/css2?family=Fira+Code:wght@400;500;600;700&amp;family=Lato:ital,wght@0,400;0,700;1,400&amp;display=swap">
<script src="index.js">
</script>
<meta charset="UTF-8">
</head>
<body>
<div class="nav-bar">
<img class="dhall-icon" alt="Dhall logo." src="dhall-icon.svg">
<p class="package-title">test-package</p>
<div class="nav-bar-content-divider">
</div>
<a id="switch-light-dark-mode" class="nav-option">Switch Light/Dark Mode</a>
</div>
<div class="main-container">
<h2 class="doc-title">
<span class="crumb-divider">/</span>
<a href="index.html">test-package</a>
<span class="crumb-divider">/</span>
<span class="title-crumb" href="index.html">TwoAnnotations.dhall</span>
</h2>
<a class="copy-to-clipboard" data-path="/TwoAnnotations.dhall">
<i>
<small>Copy path to clipboard</small>
</i>
</a>
<br>
<div class="doc-contents">
<p>This expression contains type annotations on both the <code>let</code> binding and on the
body of the <code>let</code> expression.  The documentation generator prefers to use the
latter annotation.</p>
</div>
<h3>Source</h3>
<div class="source-code">
<pre>{-|<br>This expression contains type annotations on both the `let` binding and on the<br>body of the `let` expression.  The documentation generator prefers to use the<br>latter annotation.<br>-}<br>let <span id="var6-5" class="name-decl" data-name="var6-5">x</span> = 1<br>
<br>let <span id="var8-5" class="name-decl" data-name="var8-5">y</span> = Natural<br>
<br>in  <a href="#var6-5" class="name-use" data-name="var6-5">x</a> : <a href="#var8-5" class="name-use" data-name="var8-5">y</a>
<br>
</pre>
</div>
</div>
</body>
</html>