<!DOCTYPE HTML>
<html>
<head>
<title>/a</title>
<link rel="stylesheet" type="text/css" href="../index.css">
<link rel="stylesheet" type="text/css" href="https://fonts.googleapis.com/css2?family=Fira+Code:wght@400;500;600;700&amp;family=Lato:ital,wght@0,400;0,700;1,400&amp;display=swap">
<script src="../index.js">
</script>
<meta charset="UTF-8">
</head>
<body>
<div class="nav-bar">
<img class="dhall-icon" alt="Dhall logo." src="../dhall-icon.svg">
<p class="package-title">test-package</p>
<div class="nav-bar-content-divider">
</div>
<a id="switch-light-dark-mode" class="nav-option">Switch Light/Dark Mode</a>
</div>
<div class="main-container">
<h2 class="doc-title">
<span class="crumb-divider">/</span>
<a href="../index.html">test-package</a>
<span class="crumb-divider">/</span>
<span class="title-crumb" href="index.html">a</span>
</h2>
<a class="copy-to-clipboard" data-path="/a">
<i>
<small>Copy path to clipboard</small>
</i>
</a>
<br>
<h3>Exported files: </h3>
<ul>
<li>
<a href="JumpToParent.dhall.html">JumpToParent.dhall</a>
</li>
<li>
<a href="b.dhall.html">b.dhall</a>
</li>
</ul>
<h3>Exported packages: </h3>
<ul>
<li>
<a href="b/index.html">b/</a>
</li>
</ul>
</div>
</body>
</html>