<!DOCTYPE HTML>
<html>
<head>
<title>/a/b/JumpToGrandfather.dhall</title>
<link rel="stylesheet" type="text/css" href="../../index.css">
<link rel="stylesheet" type="text/css" href="https://fonts.googleapis.com/css2?family=Fira+Code:wght@400;500;600;700&amp;family=Lato:ital,wght@0,400;0,700;1,400&amp;display=swap">
<script src="../../index.js">
</script>
<meta charset="UTF-8">
</head>
<body>
<div class="nav-bar">
<img class="dhall-icon" alt="Dhall logo." src="../../dhall-icon.svg">
<p class="package-title">test-package</p>
<div class="nav-bar-content-divider">
</div>
<a id="switch-light-dark-mode" class="nav-option">Switch Light/Dark Mode</a>
</div>
<div class="main-container">
<h2 class="doc-title">
<span class="crumb-divider">/</span>
<a href="../../index.html">test-package</a>
<span class="crumb-divider">/</span>
<a class="title-crumb" href="../index.html">a</a>
<span class="crumb-divider">/</span>
<a class="title-crumb" href="index.html">b</a>
<span class="crumb-divider">/</span>
<span class="title-crumb" href="index.html">JumpToGrandfather.dhall</span>
</h2>
<a class="copy-to-clipboard" data-path="/a/b/JumpToGrandfather.dhall">
<i>
<small>Copy path to clipboard</small>
</i>
</a>
<br>
<div class="doc-contents">
</div>
<h3>Source</h3>
<div class="source-code">
<pre>let <span id="var1-5" class="name-decl" data-name="var1-5">parents</span> =<br>    [ <a href="../../IndexesExample.dhall.html">../../IndexesExample.dhall</a>
<br>    ]<br>
<br>in <a href="#var1-5" class="name-use" data-name="var1-5">parents</a>
<br>
</pre>
</div>
</div>
</body>
</html>